// Jest Snapshot v1, https://goo.gl/fbAQLP

exports[`<StyledContainer /> tests should render and match the snapshot 1`] = `
<body>
  <div>
    <div
      class="StyledContainer-sc-1xw91me-0 jzYaeF"
    />
  </div>
</body>
`;
