// Jest Snapshot v1, https://goo.gl/fbAQLP

exports[`<Header /> should render and match the snapshot 1`] = `
<body>
  <div>
    <header
      class="ant-layout-header Header__StyledHeader-sc-1oujkb8-0 gUdnlM"
      data-testid="header"
    >
      <a
        href="/"
      >
        <img
          alt="logo"
          class="Header__Logo-sc-1oujkb8-1 jCVyTI"
          src="IMAGE_MOCK"
        />
      </a>
      <p
        class="T__StyledText-znbtqz-0 gcpeYe Header__Title-sc-1oujkb8-2 fbBQMG"
        data-testid="t"
      >
        Wednesday Solutions
      </p>
    </header>
  </div>
</body>
`;
